Obtaining file:///C:/Users/vedan/Documents/antigravity/clever-hubble
  Installing build dependencies: started
  Installing build dependencies: finished with status 'done'
  Checking if build backend supports build_editable: started
  Checking if build backend supports build_editable: finished with status 'done'
  Getting requirements to build editable: started
  Getting requirements to build editable: finished with status 'done'
  Preparing editable metadata (pyproject.toml): started
  Preparing editable metadata (pyproject.toml): finished with status 'done'
Collecting numpy<2.0.0,>=1.26.0 (from jpi==1.0.0)
  Using cached numpy-1.26.4-cp312-cp312-win_amd64.whl.metadata (61 kB)
Collecting pandas<3.0.0,>=2.1.0 (from jpi==1.0.0)
  Using cached pandas-2.3.3-cp312-cp312-win_amd64.whl.metadata (19 kB)
Collecting scikit-learn<2.0.0,>=1.4.0 (from jpi==1.0.0)
  Using cached scikit_learn-1.9.1-cp312-cp312-win_amd64.whl.metadata (9.3 kB)
Collecting lightgbm<5.0.0,>=4.3.0 (from jpi==1.0.0)
  Using cached lightgbm-4.7.0-py3-none-win_amd64.whl.metadata (18 kB)
Collecting fastapi<1.0.0,>=0.110.0 (from jpi==1.0.0)
  Using cached fastapi-0.142.2-py3-none-any.whl.metadata (27 kB)
Collecting uvicorn<1.0.0,>=0.28.0 (from jpi==1.0.0)
  Using cached uvicorn-0.54.0-py3-none-any.whl.metadata (6.6 kB)
Collecting pydantic<3.0.0,>=2.6.0 (from jpi==1.0.0)
  Using cached pydantic-2.13.5-py3-none-any.whl.metadata (110 kB)
Collecting slowapi>=0.1.9 (from jpi==1.0.0)
  Using cached slowapi-0.1.10-py3-none-any.whl.metadata (3.3 kB)
Collecting pyarrow>=15.0.0 (from jpi==1.0.0)
  Using cached pyarrow-25.0.1-cp312-cp312-win_amd64.whl.metadata (3.0 kB)
Collecting pandera>=0.18.0 (from jpi==1.0.0)
  Using cached pandera-0.33.1-py3-none-any.whl.metadata (11 kB)
Collecting rapidfuzz>=3.6.0 (from jpi==1.0.0)
  Using cached rapidfuzz-3.14.6-cp312-cp312-win_amd64.whl.metadata (12 kB)
Collecting requests>=2.31.0 (from jpi==1.0.0)
  Using cached requests-2.34.2-py3-none-any.whl.metadata (4.8 kB)
Collecting joblib>=1.3.0 (from jpi==1.0.0)
  Using cached joblib-1.6.0-py3-none-any.whl.metadata (6.5 kB)
Collecting optuna>=3.6.0 (from jpi==1.0.0)
  Using cached optuna-5.0.0-py3-none-any.whl.metadata (14 kB)
Collecting xgboost>=2.0.0 (from jpi==1.0.0)
  Using cached xgboost-3.4.1-py3-none-win_amd64.whl.metadata (2.0 kB)
Collecting pytest>=8.0.0 (from jpi==1.0.0)
  Using cached pytest-9.1.1-py3-none-any.whl.metadata (7.6 kB)
Collecting pytest-cov>=4.1.0 (from jpi==1.0.0)
  Using cached pytest_cov-7.1.0-py3-none-any.whl.metadata (32 kB)
Collecting ruff>=0.3.0 (from jpi==1.0.0)
  Using cached ruff-0.16.10-py3-none-win_amd64.whl.metadata (21 kB)
Collecting pre-commit>=3.6.0 (from jpi==1.0.0)
  Using cached pre_commit-4.6.2-py2.py3-none-any.whl.metadata (1.2 kB)
Collecting nbstripout>=0.7.0 (from jpi==1.0.0)
  Using cached nbstripout-0.9.1-py3-none-any.whl.metadata (25 kB)
Collecting pip-audit>=2.7.0 (from jpi==1.0.0)
  Using cached pip_audit-2.10.1-py3-none-any.whl.metadata (28 kB)
Collecting httpx>=0.27.0 (from jpi==1.0.0)
  Using cached httpx-0.28.1-py3-none-any.whl.metadata (7.1 kB)
Collecting starlette>=0.46.0 (from fastapi<1.0.0,>=0.110.0->jpi==1.0.0)
  Using cached starlette-1.7.0-py3-none-any.whl.metadata (6.6 kB)
Collecting typing-extensions>=4.8.0 (from fastapi<1.0.0,>=0.110.0->jpi==1.0.0)
  Using cached typing_extensions-4.16.0-py3-none-any.whl.metadata (3.3 kB)
Collecting typing-inspection>=0.4.2 (from fastapi<1.0.0,>=0.110.0->jpi==1.0.0)
  Using cached typing_inspection-0.4.4-py3-none-any.whl.metadata (2.6 kB)
Collecting annotated-doc>=0.0.2 (from fastapi<1.0.0,>=0.110.0->jpi==1.0.0)
  Using cached annotated_doc-0.0.5-py3-none-any.whl.metadata (6.5 kB)
Collecting opentelemetry-api>=1.44.0 (from fastapi<1.0.0,>=0.110.0->jpi==1.0.0)
  Using cached opentelemetry_api-1.45.0-py3-none-any.whl.metadata (1.4 kB)
Collecting anyio (from httpx>=0.27.0->jpi==1.0.0)
  Using cached anyio-4.15.1-py3-none-any.whl.metadata (4.7 kB)
Collecting certifi (from httpx>=0.27.0->jpi==1.0.0)
  Using cached certifi-2026.7.22-py3-none-any.whl.metadata (2.5 kB)
Collecting httpcore==1.* (from httpx>=0.27.0->jpi==1.0.0)
  Using cached httpcore-1.0.9-py3-none-any.whl.metadata (21 kB)
Collecting idna (from httpx>=0.27.0->jpi==1.0.0)
  Using cached idna-3.20-py3-none-any.whl.metadata (7.2 kB)
Collecting h11>=0.16 (from httpcore==1.*->httpx>=0.27.0->jpi==1.0.0)
  Using cached h11-0.16.0-py3-none-any.whl.metadata (8.3 kB)
Collecting cloudpickle>=3.0 (from joblib>=1.3.0->jpi==1.0.0)
  Using cached cloudpickle-3.1.2-py3-none-any.whl.metadata (7.1 kB)
Collecting narwhals>=1.15 (from lightgbm<5.0.0,>=4.3.0->jpi==1.0.0)
  Using cached narwhals-2.26.0-py3-none-any.whl.metadata (15 kB)
Collecting scipy (from lightgbm<5.0.0,>=4.3.0->jpi==1.0.0)
  Using cached scipy-1.18.1-cp312-cp312-win_amd64.whl.metadata (61 kB)
Collecting nbformat (from nbstripout>=0.7.0->jpi==1.0.0)
  Using cached nbformat-5.11.1-py3-none-any.whl.metadata (3.7 kB)
Collecting alembic>=1.5.0 (from optuna>=3.6.0->jpi==1.0.0)
  Using cached alembic-1.20.0-py3-none-any.whl.metadata (7.3 kB)
Collecting colorlog (from optuna>=3.6.0->jpi==1.0.0)
  Using cached colorlog-6.12.0-py3-none-any.whl.metadata (11 kB)
Collecting packaging>=20.0 (from optuna>=3.6.0->jpi==1.0.0)
  Using cached packaging-26.3-py3-none-any.whl.metadata (3.5 kB)
Collecting sqlalchemy>=1.4.2 (from optuna>=3.6.0->jpi==1.0.0)
  Using cached sqlalchemy-2.1.3-cp312-cp312-win_amd64.whl.metadata (9.9 kB)
Collecting tqdm (from optuna>=3.6.0->jpi==1.0.0)
  Using cached tqdm-4.70.1-py3-none-any.whl.metadata (57 kB)
Collecting PyYAML (from optuna>=3.6.0->jpi==1.0.0)
  Using cached pyyaml-6.0.3-cp312-cp312-win_amd64.whl.metadata (2.4 kB)
Collecting python-dateutil>=2.8.2 (from pandas<3.0.0,>=2.1.0->jpi==1.0.0)
  Using cached python_dateutil-2.9.0.post0-py2.py3-none-any.whl.metadata (8.4 kB)
Collecting pytz>=2020.1 (from pandas<3.0.0,>=2.1.0->jpi==1.0.0)
  Using cached pytz-2026.5-py2.py3-none-any.whl.metadata (22 kB)
Collecting tzdata>=2022.7 (from pandas<3.0.0,>=2.1.0->jpi==1.0.0)
  Using cached tzdata-2026.5-py2.py3-none-any.whl.metadata (1.4 kB)
Collecting typeguard (from pandera>=0.18.0->jpi==1.0.0)
  Using cached typeguard-4.6.0-py3-none-any.whl.metadata (3.7 kB)
Collecting typing_inspect>=0.6.0 (from pandera>=0.18.0->jpi==1.0.0)
  Using cached typing_inspect-0.9.0-py3-none-any.whl.metadata (1.5 kB)
Collecting CacheControl>=0.13.0 (from CacheControl[filecache]>=0.13.0->pip-audit>=2.7.0->jpi==1.0.0)
  Using cached cachecontrol-0.14.4-py3-none-any.whl.metadata (3.1 kB)
Collecting cyclonedx-python-lib<12,>=5 (from pip-audit>=2.7.0->jpi==1.0.0)
  Using cached cyclonedx_python_lib-11.12.0-py3-none-any.whl.metadata (6.9 kB)
Collecting pip-api>=0.0.28 (from pip-audit>=2.7.0->jpi==1.0.0)
  Using cached pip_api-0.0.35-py3-none-any.whl.metadata (17 kB)
Collecting pip-requirements-parser>=32.0.0 (from pip-audit>=2.7.0->jpi==1.0.0)
  Using cached pip_requirements_parser-32.0.1-py3-none-any.whl.metadata (9.3 kB)
Collecting rich>=12.4 (from pip-audit>=2.7.0->jpi==1.0.0)
  Using cached rich-15.0.0-py3-none-any.whl.metadata (18 kB)
Collecting tomli>=2.2.1 (from pip-audit>=2.7.0->jpi==1.0.0)
  Using cached tomli-2.4.1-cp312-cp312-win_amd64.whl.metadata (10 kB)
Collecting tomli-w>=1.2.0 (from pip-audit>=2.7.0->jpi==1.0.0)
  Using cached tomli_w-1.2.0-py3-none-any.whl.metadata (5.7 kB)
Collecting platformdirs>=4.2.0 (from pip-audit>=2.7.0->jpi==1.0.0)
  Using cached platformdirs-4.12.3-py3-none-any.whl.metadata (5.5 kB)
Collecting cfgv>=2.0.0 (from pre-commit>=3.6.0->jpi==1.0.0)
  Using cached cfgv-3.5.0-py2.py3-none-any.whl.metadata (8.9 kB)
Collecting identify>=1.0.0 (from pre-commit>=3.6.0->jpi==1.0.0)
  Using cached identify-2.6.20-py2.py3-none-any.whl.metadata (4.4 kB)
Collecting nodeenv>=0.11.1 (from pre-commit>=3.6.0->jpi==1.0.0)
  Using cached nodeenv-1.11.0-py2.py3-none-any.whl.metadata (40 kB)
Collecting virtualenv>=20.10.0 (from pre-commit>=3.6.0->jpi==1.0.0)
  Using cached virtualenv-21.14.5-py3-none-any.whl.metadata (4.1 kB)
Collecting annotated-types>=0.6.0 (from pydantic<3.0.0,>=2.6.0->jpi==1.0.0)
  Using cached annotated_types-0.8.0-py3-none-any.whl.metadata (15 kB)
Collecting pydantic-core==2.46.5 (from pydantic<3.0.0,>=2.6.0->jpi==1.0.0)
  Using cached pydantic_core-2.46.5-cp312-cp312-win_amd64.whl.metadata (6.7 kB)
Collecting colorama>=0.4 (from pytest>=8.0.0->jpi==1.0.0)
  Using cached colorama-0.4.6-py2.py3-none-any.whl.metadata (17 kB)
Collecting iniconfig>=1.0.1 (from pytest>=8.0.0->jpi==1.0.0)
  Using cached iniconfig-2.3.0-py3-none-any.whl.metadata (2.5 kB)
Collecting pluggy<2,>=1.5 (from pytest>=8.0.0->jpi==1.0.0)
  Using cached pluggy-1.6.0-py3-none-any.whl.metadata (4.8 kB)
Collecting pygments>=2.7.2 (from pytest>=8.0.0->jpi==1.0.0)
  Using cached pygments-2.21.0-py3-none-any.whl.metadata (2.5 kB)
Collecting coverage>=7.10.6 (from coverage[toml]>=7.10.6->pytest-cov>=4.1.0->jpi==1.0.0)
  Using cached coverage-7.16.2-cp312-cp312-win_amd64.whl.metadata (8.4 kB)
Collecting charset_normalizer<4,>=2 (from requests>=2.31.0->jpi==1.0.0)
  Using cached charset_normalizer-3.5.2-cp312-cp312-win_amd64.whl.metadata (47 kB)
Collecting urllib3<3,>=1.26 (from requests>=2.31.0->jpi==1.0.0)
  Using cached urllib3-2.8.0-py3-none-any.whl.metadata (7.4 kB)
Collecting threadpoolctl>=3.5.0 (from scikit-learn<2.0.0,>=1.4.0->jpi==1.0.0)
  Using cached threadpoolctl-3.7.0-py3-none-any.whl.metadata (24 kB)
WARNING: Retrying (Retry(total=4, connect=None, read=None, redirect=None, status=None)) after connection broken by 'ProtocolError('Connection aborted.', RemoteDisconnected('Remote end closed connection without response'))': /simple/limits/
Collecting limits>=2.3 (from slowapi>=0.1.9->jpi==1.0.0)
  Using cached limits-5.8.0-py3-none-any.whl.metadata (10 kB)
Collecting click>=7.0 (from uvicorn<1.0.0,>=0.28.0->jpi==1.0.0)
  Using cached click-8.5.0-py3-none-any.whl.metadata (2.6 kB)
Collecting Mako (from alembic>=1.5.0->optuna>=3.6.0->jpi==1.0.0)
  Using cached mako-1.4.3-py3-none-any.whl.metadata (2.9 kB)
Collecting msgpack<2.0.0,>=0.5.2 (from CacheControl>=0.13.0->CacheControl[filecache]>=0.13.0->pip-audit>=2.7.0->jpi==1.0.0)
  Using cached msgpack-1.2.3-cp312-cp312-win_amd64.whl.metadata (8.5 kB)
Collecting filelock>=3.8.0 (from CacheControl[filecache]>=0.13.0->pip-audit>=2.7.0->jpi==1.0.0)
  Using cached filelock-4.0.11-py3-none-any.whl.metadata (2.0 kB)
Collecting license-expression<31,>=30 (from cyclonedx-python-lib<12,>=5->pip-audit>=2.7.0->jpi==1.0.0)
  Using cached license_expression-30.4.4-py3-none-any.whl.metadata (11 kB)
Collecting packageurl-python<2,>=0.11 (from cyclonedx-python-lib<12,>=5->pip-audit>=2.7.0->jpi==1.0.0)
  Using cached packageurl_python-0.17.6-py3-none-any.whl.metadata (5.1 kB)
Collecting py-serializable<3.0.0,>=2.1.0 (from cyclonedx-python-lib<12,>=5->pip-audit>=2.7.0->jpi==1.0.0)
  Using cached py_serializable-2.1.0-py3-none-any.whl.metadata (4.3 kB)
Collecting sortedcontainers<3.0.0,>=2.4.0 (from cyclonedx-python-lib<12,>=5->pip-audit>=2.7.0->jpi==1.0.0)
  Using cached sortedcontainers-2.4.0-py2.py3-none-any.whl.metadata (10 kB)
Collecting deprecated>=1.2 (from limits>=2.3->slowapi>=0.1.9->jpi==1.0.0)
  Using cached deprecated-3.0.0-py3-none-any.whl.metadata (6.5 kB)
Requirement already satisfied: pip in c:\users\vedan\documents\antigravity\clever-hubble\.venv\lib\site-packages (from pip-api>=0.0.28->pip-audit>=2.7.0->jpi==1.0.0) (25.0.1)
Collecting pyparsing (from pip-requirements-parser>=32.0.0->pip-audit>=2.7.0->jpi==1.0.0)
  Using cached pyparsing-3.3.3-py3-none-any.whl.metadata (5.9 kB)
Collecting six>=1.5 (from python-dateutil>=2.8.2->pandas<3.0.0,>=2.1.0->jpi==1.0.0)
  Using cached six-1.17.0-py2.py3-none-any.whl.metadata (1.7 kB)
Collecting markdown-it-py>=2.2.0 (from rich>=12.4->pip-audit>=2.7.0->jpi==1.0.0)
  Using cached markdown_it_py-4.2.0-py3-none-any.whl.metadata (7.4 kB)
INFO: pip is looking at multiple versions of scipy to determine which version is compatible with other requirements. This could take a while.
Collecting scipy (from lightgbm<5.0.0,>=4.3.0->jpi==1.0.0)
  Using cached scipy-1.18.0-cp312-cp312-win_amd64.whl.metadata (61 kB)
  Using cached scipy-1.17.1-cp312-cp312-win_amd64.whl.metadata (60 kB)
Collecting mypy-extensions>=0.3.0 (from typing_inspect>=0.6.0->pandera>=0.18.0->jpi==1.0.0)
  Using cached mypy_extensions-1.1.0-py3-none-any.whl.metadata (1.1 kB)
Collecting distlib<1,>=0.3.7 (from virtualenv>=20.10.0->pre-commit>=3.6.0->jpi==1.0.0)
  Using cached distlib-0.4.3-py2.py3-none-any.whl.metadata (5.3 kB)
Collecting python-discovery>=1.6 (from virtualenv>=20.10.0->pre-commit>=3.6.0->jpi==1.0.0)
  Using cached python_discovery-1.6.1-py3-none-any.whl.metadata (5.1 kB)
Collecting fastjsonschema>=2.15 (from nbformat->nbstripout>=0.7.0->jpi==1.0.0)
  Using cached fastjsonschema-2.22.2-py3-none-any.whl.metadata (2.1 kB)
Collecting jsonschema>=2.6 (from nbformat->nbstripout>=0.7.0->jpi==1.0.0)
  Using cached jsonschema-4.26.0-py3-none-any.whl.metadata (7.6 kB)
Collecting jupyter-core!=5.0.*,>=4.12 (from nbformat->nbstripout>=0.7.0->jpi==1.0.0)
  Using cached jupyter_core-5.9.1-py3-none-any.whl.metadata (1.5 kB)
Collecting traitlets>=5.1 (from nbformat->nbstripout>=0.7.0->jpi==1.0.0)
  Using cached traitlets-5.16.1-py3-none-any.whl.metadata (10 kB)
Collecting wrapt<3,>=1.16 (from deprecated>=1.2->limits>=2.3->slowapi>=0.1.9->jpi==1.0.0)
  Using cached wrapt-2.5.0-cp312-cp312-win_amd64.whl.metadata (7.7 kB)
Collecting attrs>=22.2.0 (from jsonschema>=2.6->nbformat->nbstripout>=0.7.0->jpi==1.0.0)
  Using cached attrs-26.1.0-py3-none-any.whl.metadata (8.8 kB)
Collecting jsonschema-specifications>=2023.03.6 (from jsonschema>=2.6->nbformat->nbstripout>=0.7.0->jpi==1.0.0)
  Using cached jsonschema_specifications-2025.9.1-py3-none-any.whl.metadata (2.9 kB)
Collecting referencing>=0.28.4 (from jsonschema>=2.6->nbformat->nbstripout>=0.7.0->jpi==1.0.0)
  Using cached referencing-0.37.0-py3-none-any.whl.metadata (2.8 kB)
Collecting rpds-py>=0.25.0 (from jsonschema>=2.6->nbformat->nbstripout>=0.7.0->jpi==1.0.0)
  Using cached rpds_py-2026.9.1-cp312-cp312-win_amd64.whl.metadata (4.2 kB)
Collecting boolean.py>=4.0 (from license-expression<31,>=30->cyclonedx-python-lib<12,>=5->pip-audit>=2.7.0->jpi==1.0.0)
  Using cached boolean_py-5.0-py3-none-any.whl.metadata (2.3 kB)
WARNING: Retrying (Retry(total=4, connect=None, read=None, redirect=None, status=None)) after connection broken by 'ProtocolError('Connection aborted.', RemoteDisconnected('Remote end closed connection without response'))': /simple/mdurl/
Collecting mdurl~=0.1 (from markdown-it-py>=2.2.0->rich>=12.4->pip-audit>=2.7.0->jpi==1.0.0)
  Using cached mdurl-0.1.2-py3-none-any.whl.metadata (1.6 kB)
Collecting defusedxml<0.8.0,>=0.7.1 (from py-serializable<3.0.0,>=2.1.0->cyclonedx-python-lib<12,>=5->pip-audit>=2.7.0->jpi==1.0.0)
  Using cached defusedxml-0.7.1-py2.py3-none-any.whl.metadata (32 kB)
Collecting MarkupSafe>=2.0 (from Mako->alembic>=1.5.0->optuna>=3.6.0->jpi==1.0.0)
  Using cached markupsafe-3.0.4-cp312-cp312-win_amd64.whl.metadata (2.8 kB)
Using cached fastapi-0.142.2-py3-none-any.whl (144 kB)
Using cached httpx-0.28.1-py3-none-any.whl (73 kB)
Using cached httpcore-1.0.9-py3-none-any.whl (78 kB)
Using cached joblib-1.6.0-py3-none-any.whl (306 kB)
Using cached lightgbm-4.7.0-py3-none-win_amd64.whl (1.4 MB)
Using cached nbstripout-0.9.1-py3-none-any.whl (19 kB)
Using cached numpy-1.26.4-cp312-cp312-win_amd64.whl (15.5 MB)
Using cached optuna-5.0.0-py3-none-any.whl (442 kB)
Using cached pandas-2.3.3-cp312-cp312-win_amd64.whl (11.0 MB)
Using cached pandera-0.33.1-py3-none-any.whl (501 kB)
Using cached pip_audit-2.10.1-py3-none-any.whl (62 kB)
Using cached pre_commit-4.6.2-py2.py3-none-any.whl (226 kB)
Using cached pyarrow-25.0.1-cp312-cp312-win_amd64.whl (28.0 MB)
Using cached pydantic-2.13.5-py3-none-any.whl (472 kB)
Using cached pydantic_core-2.46.5-cp312-cp312-win_amd64.whl (2.0 MB)
Using cached pytest-9.1.1-py3-none-any.whl (386 kB)
Using cached pytest_cov-7.1.0-py3-none-any.whl (22 kB)
Using cached rapidfuzz-3.14.6-cp312-cp312-win_amd64.whl (1.7 MB)
Using cached requests-2.34.2-py3-none-any.whl (73 kB)
Using cached ruff-0.16.10-py3-none-win_amd64.whl (10.6 MB)
Using cached scikit_learn-1.9.1-cp312-cp312-win_amd64.whl (8.3 MB)
Using cached slowapi-0.1.10-py3-none-any.whl (14 kB)
Using cached uvicorn-0.54.0-py3-none-any.whl (87 kB)
Downloading xgboost-3.4.1-py3-none-win_amd64.whl (48.9 MB)
   ---------------------------------------- 48.9/48.9 MB 952.8 kB/s eta 0:00:00
Downloading alembic-1.20.0-py3-none-any.whl (268 kB)
Using cached annotated_doc-0.0.5-py3-none-any.whl (5.3 kB)
Using cached annotated_types-0.8.0-py3-none-any.whl (13 kB)
Downloading cachecontrol-0.14.4-py3-none-any.whl (22 kB)
Using cached certifi-2026.7.22-py3-none-any.whl (136 kB)
Downloading cfgv-3.5.0-py2.py3-none-any.whl (7.4 kB)
Downloading charset_normalizer-3.5.2-cp312-cp312-win_amd64.whl (207 kB)
Using cached click-8.5.0-py3-none-any.whl (125 kB)
Using cached cloudpickle-3.1.2-py3-none-any.whl (22 kB)
Using cached colorama-0.4.6-py2.py3-none-any.whl (25 kB)
Downloading coverage-7.16.2-cp312-cp312-win_amd64.whl (226 kB)
Downloading cyclonedx_python_lib-11.12.0-py3-none-any.whl (529 kB)
   ---------------------------------------- 529.5/529.5 kB 1.2 MB/s eta 0:00:00
Using cached h11-0.16.0-py3-none-any.whl (37 kB)
Downloading identify-2.6.20-py2.py3-none-any.whl (99 kB)
Using cached idna-3.20-py3-none-any.whl (69 kB)
Using cached iniconfig-2.3.0-py3-none-any.whl (7.5 kB)
Using cached limits-5.8.0-py3-none-any.whl (60 kB)
Using cached narwhals-2.26.0-py3-none-any.whl (474 kB)
Downloading nodeenv-1.11.0-py2.py3-none-any.whl (34 kB)
Using cached opentelemetry_api-1.45.0-py3-none-any.whl (60 kB)
Using cached packaging-26.3-py3-none-any.whl (129 kB)
Downloading pip_api-0.0.35-py3-none-any.whl (123 kB)
Downloading pip_requirements_parser-32.0.1-py3-none-any.whl (35 kB)
Downloading platformdirs-4.12.3-py3-none-any.whl (32 kB)
Using cached pluggy-1.6.0-py3-none-any.whl (20 kB)
Using cached pygments-2.21.0-py3-none-any.whl (1.3 MB)
Using cached python_dateutil-2.9.0.post0-py2.py3-none-any.whl (229 kB)
Downloading pytz-2026.5-py2.py3-none-any.whl (506 kB)
Using cached pyyaml-6.0.3-cp312-cp312-win_amd64.whl (154 kB)
Downloading rich-15.0.0-py3-none-any.whl (310 kB)
Downloading scipy-1.17.1-cp312-cp312-win_amd64.whl (36.5 MB)
   ---------------------------------------- 36.5/36.5 MB 1.9 MB/s eta 0:00:00
Downloading sqlalchemy-2.1.3-cp312-cp312-win_amd64.whl (2.4 MB)
   ---------------------------------------- 2.4/2.4 MB 2.7 MB/s eta 0:00:00
Using cached starlette-1.7.0-py3-none-any.whl (78 kB)
Using cached anyio-4.15.1-py3-none-any.whl (132 kB)
Using cached threadpoolctl-3.7.0-py3-none-any.whl (26 kB)
Downloading tomli-2.4.1-cp312-cp312-win_amd64.whl (108 kB)
Downloading tomli_w-1.2.0-py3-none-any.whl (6.7 kB)
Using cached typing_extensions-4.16.0-py3-none-any.whl (45 kB)
Using cached typing_inspect-0.9.0-py3-none-any.whl (8.8 kB)
Using cached typing_inspection-0.4.4-py3-none-any.whl (14 kB)
Downloading tzdata-2026.5-py2.py3-none-any.whl (347 kB)
Using cached urllib3-2.8.0-py3-none-any.whl (135 kB)
Downloading virtualenv-21.14.5-py3-none-any.whl (5.5 MB)
   ---------------------------------------- 5.5/5.5 MB 2.3 MB/s eta 0:00:00
Downloading colorlog-6.12.0-py3-none-any.whl (12 kB)
Using cached nbformat-5.11.1-py3-none-any.whl (79 kB)
Using cached tqdm-4.70.1-py3-none-any.whl (80 kB)
Using cached typeguard-4.6.0-py3-none-any.whl (36 kB)
Using cached deprecated-3.0.0-py3-none-any.whl (21 kB)
Downloading distlib-0.4.3-py2.py3-none-any.whl (470 kB)
Using cached fastjsonschema-2.22.2-py3-none-any.whl (27 kB)
Downloading filelock-4.0.11-py3-none-any.whl (111 kB)
Using cached jsonschema-4.26.0-py3-none-any.whl (90 kB)
Using cached jupyter_core-5.9.1-py3-none-any.whl (29 kB)
Downloading license_expression-30.4.4-py3-none-any.whl (120 kB)
Using cached markdown_it_py-4.2.0-py3-none-any.whl (91 kB)
Downloading msgpack-1.2.3-cp312-cp312-win_amd64.whl (76 kB)
Using cached mypy_extensions-1.1.0-py3-none-any.whl (5.0 kB)
Downloading packageurl_python-0.17.6-py3-none-any.whl (36 kB)
Downloading py_serializable-2.1.0-py3-none-any.whl (23 kB)
Downloading python_discovery-1.6.1-py3-none-any.whl (38 kB)
Using cached six-1.17.0-py2.py3-none-any.whl (11 kB)
Using cached sortedcontainers-2.4.0-py2.py3-none-any.whl (29 kB)
Using cached traitlets-5.16.1-py3-none-any.whl (86 kB)
Downloading mako-1.4.3-py3-none-any.whl (80 kB)
Using cached pyparsing-3.3.3-py3-none-any.whl (126 kB)
Using cached attrs-26.1.0-py3-none-any.whl (67 kB)
Downloading boolean_py-5.0-py3-none-any.whl (26 kB)
Using cached defusedxml-0.7.1-py2.py3-none-any.whl (25 kB)
Using cached jsonschema_specifications-2025.9.1-py3-none-any.whl (18 kB)
Downloading markupsafe-3.0.4-cp312-cp312-win_amd64.whl (14 kB)
Using cached mdurl-0.1.2-py3-none-any.whl (10.0 kB)
Using cached referencing-0.37.0-py3-none-any.whl (26 kB)
Downloading rpds_py-2026.9.1-cp312-cp312-win_amd64.whl (222 kB)
Downloading wrapt-2.5.0-cp312-cp312-win_amd64.whl (105 kB)
Building wheels for collected packages: jpi
  Building editable for jpi (pyproject.toml): started
  Building editable for jpi (pyproject.toml): finished with status 'done'
  Created wheel for jpi: filename=jpi-1.0.0-0.editable-py3-none-any.whl size=5703 sha256=3425a79f5e4b1d2c7665d759a9aad75788222475edb035d0e726d8d0708caa1b
  Stored in directory: C:\Users\vedan\AppData\Local\Temp\pip-ephem-wheel-cache-7q1j4er7\wheels\44\dd\e6\5c5e9f6b7950c16bcbd15c7ca95397e1577b46522e9d1d0038
Successfully built jpi
Installing collected packages: sortedcontainers, pytz, distlib, boolean.py, wrapt, urllib3, tzdata, typing-extensions, traitlets, tomli-w, tomli, threadpoolctl, six, ruff, rpds-py, rapidfuzz, PyYAML, pyparsing, pygments, pyarrow, pluggy, platformdirs, pip-api, packaging, packageurl-python, numpy, nodeenv, narwhals, mypy-extensions, msgpack, mdurl, MarkupSafe, license-expression, iniconfig, idna, identify, h11, filelock, fastjsonschema, defusedxml, coverage, colorama, cloudpickle, click, charset_normalizer, cfgv, certifi, attrs, annotated-types, annotated-doc, uvicorn, typing-inspection, typing_inspect, typeguard, tqdm, sqlalchemy, scipy, requests, referencing, python-discovery, python-dateutil, pytest, pydantic-core, py-serializable, pip-requirements-parser, opentelemetry-api, markdown-it-py, Mako, jupyter-core, joblib, httpcore, deprecated, colorlog, anyio, xgboost, virtualenv, starlette, scikit-learn, rich, pytest-cov, pydantic, pandas, limits, lightgbm, jsonschema-specifications, httpx, cyclonedx-python-lib, CacheControl, alembic, slowapi, pre-commit, pandera, optuna, jsonschema, fastapi, pip-audit, nbformat, jpi, nbstripout
Successfully installed CacheControl-0.14.4 Mako-1.4.3 MarkupSafe-3.0.4 PyYAML-6.0.3 alembic-1.20.0 annotated-doc-0.0.5 annotated-types-0.8.0 anyio-4.15.1 attrs-26.1.0 boolean.py-5.0 certifi-2026.7.22 cfgv-3.5.0 charset_normalizer-3.5.2 click-8.5.0 cloudpickle-3.1.2 colorama-0.4.6 colorlog-6.12.0 coverage-7.16.2 cyclonedx-python-lib-11.12.0 defusedxml-0.7.1 deprecated-3.0.0 distlib-0.4.3 fastapi-0.142.2 fastjsonschema-2.22.2 filelock-4.0.11 h11-0.16.0 httpcore-1.0.9 httpx-0.28.1 identify-2.6.20 idna-3.20 iniconfig-2.3.0 joblib-1.6.0 jpi-1.0.0 jsonschema-4.26.0 jsonschema-specifications-2025.9.1 jupyter-core-5.9.1 license-expression-30.4.4 lightgbm-4.7.0 limits-5.8.0 markdown-it-py-4.2.0 mdurl-0.1.2 msgpack-1.2.3 mypy-extensions-1.1.0 narwhals-2.26.0 nbformat-5.11.1 nbstripout-0.9.1 nodeenv-1.11.0 numpy-1.26.4 opentelemetry-api-1.45.0 optuna-5.0.0 packageurl-python-0.17.6 packaging-26.3 pandas-2.3.3 pandera-0.33.1 pip-api-0.0.35 pip-audit-2.10.1 pip-requirements-parser-32.0.1 platformdirs-4.12.3 pluggy-1.6.0 pre-commit-4.6.2 py-serializable-2.1.0 pyarrow-25.0.1 pydantic-2.13.5 pydantic-core-2.46.5 pygments-2.21.0 pyparsing-3.3.3 pytest-9.1.1 pytest-cov-7.1.0 python-dateutil-2.9.0.post0 python-discovery-1.6.1 pytz-2026.5 rapidfuzz-3.14.6 referencing-0.37.0 requests-2.34.2 rich-15.0.0 rpds-py-2026.9.1 ruff-0.16.10 scikit-learn-1.9.1 scipy-1.17.1 six-1.17.0 slowapi-0.1.10 sortedcontainers-2.4.0 sqlalchemy-2.1.3 starlette-1.7.0 threadpoolctl-3.7.0 tomli-2.4.1 tomli-w-1.2.0 tqdm-4.70.1 traitlets-5.16.1 typeguard-4.6.0 typing-extensions-4.16.0 typing-inspection-0.4.4 typing_inspect-0.9.0 tzdata-2026.5 urllib3-2.8.0 uvicorn-0.54.0 virtualenv-21.14.5 wrapt-2.5.0 xgboost-3.4.1

[notice] A new release of pip is available: 25.0.1 -> 26.2.1
[notice] To update, run: c:\Users\vedan\Documents\antigravity\clever-hubble\.venv\Scripts\python.exe -m pip install --upgrade pip
